func init() {
	bakedEntityMetadata = []EntityMetadata{
		{
			MetadataID:  "anthropic/claude-haiku-3.5",
			Name:        "Claude Haiku 3.5",
			Description: "Anthropic Claude Haiku 3.5.",
			License:     "proprietary",
			Links:       []ModelLink{{Label: "Docs", URL: "https://docs.anthropic.com/claude-haiku", Type: LinkDocs, TypeRaw: ""}},
			Benchmarks:  []BenchmarkResult{{Name: "GPQA", Version: "", Variant: "", Dataset: "", Harness: "", Metric: "accuracy", Score: 41.6, ScoreRaw: "", SourceURL: "https://anthropic.com/claude-haiku", Date: ""}},
			Source:      "models.dev",
			LastSynced:  "",
		},
		{
			MetadataID:  "openai/gpt-5.1",
			Name:        "GPT-5.1",
			Description: "OpenAI GPT-5.1 flagship model.",
			License:     "proprietary",
			Links:       []ModelLink{{Label: "Announcement", URL: "https://openai.com/gpt-5-1", Type: LinkAnnouncement, TypeRaw: ""}},
			Benchmarks:  []BenchmarkResult{{Name: "MMLU", Version: "", Variant: "", Dataset: "", Harness: "", Metric: "accuracy", Score: 91.2, ScoreRaw: "", SourceURL: "https://openai.com/gpt-5-1", Date: ""}},
			Source:      "models.dev",
			LastSynced:  "",
		},
		{
			MetadataID:  "zhipuai/glm-4.6",
			Name:        "GLM-4.6",
			Description: "Zhipu AI GLM-4.6 general model.",
			License:     "MIT",
			Links:       []ModelLink{{Label: "Model card", URL: "https://huggingface.co/zai-org/GLM-4.6", Type: LinkModelCard, TypeRaw: ""}},
			Benchmarks:  []BenchmarkResult{{Name: "SWE-bench", Version: "", Variant: "", Dataset: "", Harness: "", Metric: "resolved", Score: 0, ScoreRaw: "pass", SourceURL: "https://z.ai/glm-4-6", Date: ""}},
			Source:      "models.dev",
			LastSynced:  "",
		},
	}
}
