var staticModels = []ModelInfo{
	{
		ID:                    "anthropic/claude-3-5-haiku",
		Provider:              ProviderCloudflareAIGateway,
		DisplayName:           "Claude 3.5 Haiku (alt)",
		RawFamily:             "claude-haiku",
		Family:                "claude",
		Variant:               "haiku",
		Version:               "3.5",
		Date:                  "",
		Modifier:              nil,
		ContextWindow:         0,
		MaxOutput:             0,
		Reasoning:             false,
		ToolCall:              false,
		Attachment:            false,
		Temperature:           false,
		StructuredOutput:      false,
		Interleaved:           Capability{Supported: false},
		OpenWeights:           false,
		CostInputPerMTok:      nil,
		CostOutputPerMTok:     nil,
		CostReasoningPerMTok:  nil,
		CostCacheReadPerMTok:  nil,
		CostCacheWritePerMTok: nil,
		ReleaseDate:           "",
		Knowledge:             "",
		Modalities:            Modalities{},
		Host:                  "",
		Lineage:               nil,
		Source:                "",
		QuantVRAM:             nil,
		LastSynced:            "",
	},
	{
		ID:                    "anthropic/claude-3.5-haiku",
		Provider:              ProviderCloudflareAIGateway,
		DisplayName:           "Claude 3.5 Haiku",
		RawFamily:             "claude-haiku",
		Family:                "claude",
		Variant:               "haiku",
		Version:               "3.5",
		Date:                  "",
		Modifier:              nil,
		ContextWindow:         0,
		MaxOutput:             0,
		Reasoning:             false,
		ToolCall:              false,
		Attachment:            false,
		Temperature:           false,
		StructuredOutput:      false,
		Interleaved:           Capability{Supported: false},
		OpenWeights:           false,
		CostInputPerMTok:      nil,
		CostOutputPerMTok:     nil,
		CostReasoningPerMTok:  nil,
		CostCacheReadPerMTok:  nil,
		CostCacheWritePerMTok: nil,
		ReleaseDate:           "",
		Knowledge:             "",
		Modalities:            Modalities{},
		Host:                  "",
		Lineage:               nil,
		Source:                "",
		QuantVRAM:             nil,
		LastSynced:            "",
	},
	{
		ID:                    "kilo-auto/free",
		Provider:              ProviderKilo,
		DisplayName:           "Free (Kilo Auto)",
		RawFamily:             "free",
		Family:                "free",
		Variant:               "",
		Version:               "",
		Date:                  "",
		Modifier:              nil,
		ContextWindow:         0,
		MaxOutput:             0,
		Reasoning:             false,
		ToolCall:              false,
		Attachment:            false,
		Temperature:           false,
		StructuredOutput:      false,
		Interleaved:           Capability{Supported: false},
		OpenWeights:           false,
		CostInputPerMTok:      nil,
		CostOutputPerMTok:     nil,
		CostReasoningPerMTok:  nil,
		CostCacheReadPerMTok:  nil,
		CostCacheWritePerMTok: nil,
		ReleaseDate:           "",
		Knowledge:             "",
		Modalities:            Modalities{},
		Host:                  "",
		Lineage:               nil,
		Source:                "",
		QuantVRAM:             nil,
		LastSynced:            "",
	},
	{
		ID:                    "openrouter/free",
		Provider:              ProviderKilo,
		DisplayName:           "Free (OpenRouter)",
		RawFamily:             "free",
		Family:                "free",
		Variant:               "",
		Version:               "",
		Date:                  "",
		Modifier:              nil,
		ContextWindow:         0,
		MaxOutput:             0,
		Reasoning:             false,
		ToolCall:              false,
		Attachment:            false,
		Temperature:           false,
		StructuredOutput:      false,
		Interleaved:           Capability{Supported: false},
		OpenWeights:           false,
		CostInputPerMTok:      nil,
		CostOutputPerMTok:     nil,
		CostReasoningPerMTok:  nil,
		CostCacheReadPerMTok:  nil,
		CostCacheWritePerMTok: nil,
		ReleaseDate:           "",
		Knowledge:             "",
		Modalities:            Modalities{},
		Host:                  "",
		Lineage:               nil,
		Source:                "",
		QuantVRAM:             nil,
		LastSynced:            "",
	},
	{
		ID:                    "gpt-5.1",
		Provider:              ProviderOpenAI,
		DisplayName:           "GPT-5.1",
		RawFamily:             "gpt",
		Family:                "gpt",
		Variant:               "",
		Version:               "5.1",
		Date:                  "",
		Modifier:              nil,
		ContextWindow:         0,
		MaxOutput:             0,
		Reasoning:             false,
		ToolCall:              false,
		Attachment:            false,
		Temperature:           false,
		StructuredOutput:      false,
		Interleaved:           Capability{Supported: false},
		OpenWeights:           false,
		CostInputPerMTok:      nil,
		CostOutputPerMTok:     nil,
		CostReasoningPerMTok:  nil,
		CostCacheReadPerMTok:  nil,
		CostCacheWritePerMTok: nil,
		ReleaseDate:           "",
		Knowledge:             "",
		Modalities:            Modalities{},
		Host:                  "",
		Lineage:               nil,
		Source:                "",
		QuantVRAM:             nil,
		LastSynced:            "",
	},
	{
		ID:                    "gpt-5.2",
		Provider:              ProviderOpenAI,
		DisplayName:           "GPT-5.2",
		RawFamily:             "gpt",
		Family:                "gpt",
		Variant:               "",
		Version:               "5.2",
		Date:                  "",
		Modifier:              nil,
		ContextWindow:         0,
		MaxOutput:             0,
		Reasoning:             false,
		ToolCall:              false,
		Attachment:            false,
		Temperature:           false,
		StructuredOutput:      false,
		Interleaved:           Capability{Supported: false},
		OpenWeights:           false,
		CostInputPerMTok:      nil,
		CostOutputPerMTok:     nil,
		CostReasoningPerMTok:  nil,
		CostCacheReadPerMTok:  nil,
		CostCacheWritePerMTok: nil,
		ReleaseDate:           "",
		Knowledge:             "",
		Modalities:            Modalities{},
		Host:                  "",
		Lineage:               nil,
		Source:                "",
		QuantVRAM:             nil,
		LastSynced:            "",
	},
	{
		ID:                    "llama-3.2-3b-instruct",
		Provider:              ProviderVLLM,
		DisplayName:           "Llama 3.2 3B Instruct",
		RawFamily:             "llama",
		Family:                "llama",
		Variant:               "",
		Version:               "3.2",
		Date:                  "",
		Modifier:              []string{"instruct"},
		ContextWindow:         0,
		MaxOutput:             0,
		Reasoning:             false,
		ToolCall:              false,
		Attachment:            false,
		Temperature:           false,
		StructuredOutput:      false,
		Interleaved:           Capability{Supported: false},
		OpenWeights:           false,
		CostInputPerMTok:      nil,
		CostOutputPerMTok:     nil,
		CostReasoningPerMTok:  nil,
		CostCacheReadPerMTok:  nil,
		CostCacheWritePerMTok: nil,
		ReleaseDate:           "",
		Knowledge:             "",
		Modalities:            Modalities{},
		Host:                  "",
		Lineage:               nil,
		ParamSize:             "3b",
		TotalParams:           3000000000,
		Source:                "ollama",
		QuantVRAM:             []QuantVRAM{{Quant: QuantQ4_K_M, QuantRaw: "q4_k_m", WeightsBytes: 2019139072, VRAMBytes: 2019139072, VRAMContextTokens: 131072, Layers: 0, KVHeads: 0, HeadDim: 0, VRAMEstimatePartial: true}, {Quant: QuantQ8_0, QuantRaw: "q8_0", WeightsBytes: 3419799040, VRAMBytes: 3419799040, VRAMContextTokens: 131072, Layers: 0, KVHeads: 0, HeadDim: 0, VRAMEstimatePartial: true}},
		Status:                StatusOther,
		StatusRaw:             "experimental",
		LastSynced:            "",
	},
	{
		ID:                     "llama-3.3-70b-instruct",
		Provider:               ProviderVLLM,
		DisplayName:            "Llama 3.3 70B Instruct",
		RawFamily:              "llama",
		Family:                 "llama",
		Variant:                "",
		Version:                "3.3",
		Date:                   "",
		Modifier:               []string{"instruct"},
		ContextWindow:          128000,
		MaxOutput:              0,
		Reasoning:              false,
		ToolCall:               false,
		Attachment:             false,
		Temperature:            false,
		StructuredOutput:       false,
		Interleaved:            Capability{Supported: false},
		OpenWeights:            false,
		CostInputPerMTok:       f64(0.5),
		CostOutputPerMTok:      f64(1.5),
		CostReasoningPerMTok:   nil,
		CostCacheReadPerMTok:   nil,
		CostCacheWritePerMTok:  nil,
		ReleaseDate:            "",
		Knowledge:              "",
		Modalities:             Modalities{},
		Host:                   "",
		Lineage:                nil,
		ParamSize:              "70b",
		TotalParams:            70000000000,
		Source:                 "ollama",
		QuantVRAM:              []QuantVRAM{{Quant: QuantQ4_K_M, QuantRaw: "q4_k_m", WeightsBytes: 43033509888, VRAMBytes: 85983182848, VRAMContextTokens: 131072, Layers: 80, KVHeads: 8, HeadDim: 128, VRAMEstimatePartial: false}, {Quant: QuantQ8_0, QuantRaw: "q8_0", WeightsBytes: 75176521728, VRAMBytes: 118126194688, VRAMContextTokens: 131072, Layers: 80, KVHeads: 8, HeadDim: 128, VRAMEstimatePartial: false}, {Quant: QuantF16, QuantRaw: "f16", WeightsBytes: 141166166016, VRAMBytes: 184115838976, VRAMContextTokens: 131072, Layers: 80, KVHeads: 8, HeadDim: 128, VRAMEstimatePartial: false}},
		Description:            "Meta Llama 3.3 70B, instruction-tuned.",
		Status:                 StatusDeprecated,
		ReasoningOptions:       []ReasoningOption{{Kind: ReasoningEffort, KindRaw: "", Values: []string{"low", "high"}, MinTokens: 0, MaxTokens: 0}, {Kind: ReasoningBudgetTokens, KindRaw: "", Values: nil, MinTokens: 1024, MaxTokens: 32000}},
		CostInputAudioPerMTok:  f64(2),
		CostOutputAudioPerMTok: f64(3),
		CostContextOver200k:    &TierCost{CostInputPerMTok: f64(1), CostOutputPerMTok: f64(3)},
		CostTiers:              []CostTier{{ContextSize: 200000, TierCost: TierCost{CostInputPerMTok: f64(0.8), CostOutputPerMTok: f64(2.4)}}},
		LastSynced:             "",
	},
}
