var staticModels = []ModelInfo{
	{
		ID:                    "anthropic/claude-3-5-haiku",
		Provider:              ProviderCloudflareAIGateway,
		DisplayName:           "Claude 3.5 Haiku (alt)",
		RawFamily:             "claude-haiku",
		Family:                "claude",
		Variant:               "haiku",
		Version:               "",
		Date:                  "",
		Modifier:              "",
		ContextWindow:         0,
		MaxOutput:             0,
		Reasoning:             false,
		ToolCall:              false,
		Attachment:            false,
		Temperature:           false,
		StructuredOutput:      false,
		Interleaved:           Capability{Supported: false},
		OpenWeights:           false,
		CostInputPerMTok:      nil,
		CostOutputPerMTok:     nil,
		CostReasoningPerMTok:  nil,
		CostCacheReadPerMTok:  nil,
		CostCacheWritePerMTok: nil,
		ReleaseDate:           "",
		Knowledge:             "",
		Modalities:            Modalities{},
		LastSynced:            "",
	},
	{
		ID:                    "anthropic/claude-3.5-haiku",
		Provider:              ProviderCloudflareAIGateway,
		DisplayName:           "Claude 3.5 Haiku",
		RawFamily:             "claude-haiku",
		Family:                "claude",
		Variant:               "haiku",
		Version:               "",
		Date:                  "",
		Modifier:              "",
		ContextWindow:         0,
		MaxOutput:             0,
		Reasoning:             false,
		ToolCall:              false,
		Attachment:            false,
		Temperature:           false,
		StructuredOutput:      false,
		Interleaved:           Capability{Supported: false},
		OpenWeights:           false,
		CostInputPerMTok:      nil,
		CostOutputPerMTok:     nil,
		CostReasoningPerMTok:  nil,
		CostCacheReadPerMTok:  nil,
		CostCacheWritePerMTok: nil,
		ReleaseDate:           "",
		Knowledge:             "",
		Modalities:            Modalities{},
		LastSynced:            "",
	},
	{
		ID:                    "kilo-auto/free",
		Provider:              ProviderKilo,
		DisplayName:           "Free (Kilo Auto)",
		RawFamily:             "free",
		Family:                "free",
		Variant:               "",
		Version:               "",
		Date:                  "",
		Modifier:              "",
		ContextWindow:         0,
		MaxOutput:             0,
		Reasoning:             false,
		ToolCall:              false,
		Attachment:            false,
		Temperature:           false,
		StructuredOutput:      false,
		Interleaved:           Capability{Supported: false},
		OpenWeights:           false,
		CostInputPerMTok:      nil,
		CostOutputPerMTok:     nil,
		CostReasoningPerMTok:  nil,
		CostCacheReadPerMTok:  nil,
		CostCacheWritePerMTok: nil,
		ReleaseDate:           "",
		Knowledge:             "",
		Modalities:            Modalities{},
		LastSynced:            "",
	},
	{
		ID:                    "openrouter/free",
		Provider:              ProviderKilo,
		DisplayName:           "Free (OpenRouter)",
		RawFamily:             "free",
		Family:                "free",
		Variant:               "",
		Version:               "",
		Date:                  "",
		Modifier:              "",
		ContextWindow:         0,
		MaxOutput:             0,
		Reasoning:             false,
		ToolCall:              false,
		Attachment:            false,
		Temperature:           false,
		StructuredOutput:      false,
		Interleaved:           Capability{Supported: false},
		OpenWeights:           false,
		CostInputPerMTok:      nil,
		CostOutputPerMTok:     nil,
		CostReasoningPerMTok:  nil,
		CostCacheReadPerMTok:  nil,
		CostCacheWritePerMTok: nil,
		ReleaseDate:           "",
		Knowledge:             "",
		Modalities:            Modalities{},
		LastSynced:            "",
	},
	{
		ID:                    "gpt-5.1",
		Provider:              ProviderOpenAI,
		DisplayName:           "GPT-5.1",
		RawFamily:             "gpt",
		Family:                "gpt",
		Variant:               "",
		Version:               "5.1",
		Date:                  "",
		Modifier:              "",
		ContextWindow:         0,
		MaxOutput:             0,
		Reasoning:             false,
		ToolCall:              false,
		Attachment:            false,
		Temperature:           false,
		StructuredOutput:      false,
		Interleaved:           Capability{Supported: false},
		OpenWeights:           false,
		CostInputPerMTok:      nil,
		CostOutputPerMTok:     nil,
		CostReasoningPerMTok:  nil,
		CostCacheReadPerMTok:  nil,
		CostCacheWritePerMTok: nil,
		ReleaseDate:           "",
		Knowledge:             "",
		Modalities:            Modalities{},
		LastSynced:            "",
	},
	{
		ID:                    "gpt-5.2",
		Provider:              ProviderOpenAI,
		DisplayName:           "GPT-5.2",
		RawFamily:             "gpt",
		Family:                "gpt",
		Variant:               "",
		Version:               "5.2",
		Date:                  "",
		Modifier:              "",
		ContextWindow:         0,
		MaxOutput:             0,
		Reasoning:             false,
		ToolCall:              false,
		Attachment:            false,
		Temperature:           false,
		StructuredOutput:      false,
		Interleaved:           Capability{Supported: false},
		OpenWeights:           false,
		CostInputPerMTok:      nil,
		CostOutputPerMTok:     nil,
		CostReasoningPerMTok:  nil,
		CostCacheReadPerMTok:  nil,
		CostCacheWritePerMTok: nil,
		ReleaseDate:           "",
		Knowledge:             "",
		Modalities:            Modalities{},
		LastSynced:            "",
	},
}
