const (
	Entity__Claude__Haiku__Version_3_5             = "claude/haiku@3.5"
	Entity__Free                                   = "free"
	Entity__Glm__Version_4_6                       = "glm@4.6"
	Entity__Gpt__Version_5_1                       = "gpt@5.1"
	Entity__Gpt__Version_5_2                       = "gpt@5.2"
	Entity__Llama__Version_3_2__Size_3b__Instruct  = "llama@3.2#3b{instruct}"
	Entity__Llama__Version_3_3__Size_70b__Instruct = "llama@3.3#70b{instruct}"
)
