302ai
abacus
abliteration-ai
agentrouter
agnes
ai-router
aiand
aihubmix
aixy
aki-io
alibaba
alibaba-cn
alibaba-coding-plan
alibaba-coding-plan-cn
alibaba-token-plan
alibaba-token-plan-cn
amazon-bedrock
ambient
amd
anthropic
anyapi
arcee
atomic-chat
auriko
azure
azure-cognitive-services
bailing
baseten
berget
blueclaw
cerebras
chutes
clarifai
claudinio
cline-pass
cloudferro-sherlock
cloudflare-ai-gateway
cloudflare-workers-ai
cohere
coralbricks
cortecs
crof
crossmodel
crusoe
daoxe
databricks
deepinfra
deepseek
digitalocean
dinference
drun
ebcloud
echo
edenai
empiriolabs
evroc
fastrouter
fireworks-ai
freemodel
friendli
frogbot
github-copilot
gitlab
gmicloud
google
google-vertex
google-vertex-anthropic
greenpt
groq
helicone
hetzner
hpc-ai
huggingface
hyper
iflowcn
impossibl
inception
inceptron
inference
inferx
infomaniak
io-net
iteracompute
jalapeno
jiekou
kenari
kilo
kimi-for-coding
kosmik
kuae-cloud-coding-plan
lilac
llama
llmgateway
llmgateway-providers
llmtech
llmtr
lmstudio
local
longcat
lucidquery
lynkr
meganova
merge-gateway
meta
minimax
minimax-cn
minimax-cn-coding-plan
minimax-coding-plan
mistral
mixlayer
moark
modal
model-oracle-ai
modelis
modelscope
moonshotai
moonshotai-cn
morph
nano-gpt
nearai
nebius
neon
neosmith
neuralwatt
nova
novita-ai
nvidia
ofox
ollama-cloud
openai
opencode
opencode-go
openrouter
opper
orcarouter
ovhcloud
pendra
perplexity
perplexity-agent
pioneer
poe
poolside
privatemode-ai
qihang-ai
qiniu-ai
qvac
regolo-ai
requesty
routing-run
runinfra
sakana
salad-cloud
sap-ai-core
sarvam
scaleway
scnet-token-plan
scx-ai
siliconflow
siliconflow-cn
snowflake-cortex
stackit
standardcompute
stepfun
stepfun-ai
stepfun-ai-step-plan
stepfun-step-plan
subconscious
submodel
synthetic
tencent-coding-plan
tencent-token-plan
tencent-tokenhub
tensorx
the-grid-ai
thinkingmachines
tinfoil
togetherai
tokengo
trustedrouter
umans-ai
umans-ai-coding-plan
unorouter
upstage
v0
venice
vercel
vivgrid
volcengine
vultr
wafer.ai
wandb
watsonx
xai
xiaomi
xiaomi-token-plan-ams
xiaomi-token-plan-cn
xiaomi-token-plan-sgp
xpersona
zai
zai-coding-plan
zeldoc
zenifra
zenmux
zhipuai
zhipuai-coding-plan
