302ai
abacus
abliteration-ai
aihubmix
alibaba
alibaba-cn
alibaba-coding-plan
alibaba-coding-plan-cn
amazon-bedrock
ambient
anthropic
atomic-chat
auriko
azure
azure-cognitive-services
bailing
baseten
berget
cerebras
chutes
clarifai
claudinio
cloudferro-sherlock
cloudflare-ai-gateway
cloudflare-workers-ai
cohere
cortecs
crof
databricks
deepinfra
deepseek
digitalocean
dinference
drun
evroc
fastrouter
firepass
fireworks-ai
friendli
frogbot
github-copilot
github-models
gitlab
gmicloud
google
google-vertex
google-vertex-anthropic
groq
helicone
hpc-ai
huggingface
iflowcn
inception
inceptron
inference
io-net
jiekou
kilo
kimi-for-coding
kuae-cloud-coding-plan
lilac
llama
llmgateway
lmstudio
local
lucidquery
meganova
merge-gateway
minimax
minimax-cn
minimax-cn-coding-plan
minimax-coding-plan
mistral
mixlayer
moark
modelscope
moonshotai
moonshotai-cn
morph
nano-gpt
nearai
nebius
neuralwatt
nova
novita-ai
nvidia
ollama-cloud
openai
opencode
opencode-go
openrouter
orcarouter
ovhcloud
perplexity
perplexity-agent
poe
poolside
privatemode-ai
qihang-ai
qiniu-ai
regolo-ai
requesty
routing-run
sap-ai-core
sarvam
scaleway
siliconflow
siliconflow-cn
snowflake-cortex
stackit
stepfun
stepfun-ai
submodel
synthetic
tencent-coding-plan
tencent-tokenhub
the-grid-ai
togetherai
umans-ai-coding-plan
upstage
v0
venice
vercel
vivgrid
vultr
wafer.ai
wandb
xai
xiaomi
xiaomi-token-plan-ams
xiaomi-token-plan-cn
xiaomi-token-plan-sgp
xpersona
zai
zai-coding-plan
zenmux
zhipuai
zhipuai-coding-plan
